[2026-09-10 09:00:02][FINE] Loading BlueMap v5.23 (4c4cbc291b361ceff6ee239448e9f988f9019dbb) on paper 26.2 ...
[2026-09-10 09:00:03][INFO] Loading resources...
[2026-09-10 09:00:03][FINE] Loading resources from: bluemap/resourceExtensions.zip ...
[2026-09-10 09:00:03][FINE] Loading resources from: bluemap/minecraft-client-26.2.jar ...
[2026-09-10 09:00:04][FINE] Collecting texture-keys...
[2026-09-10 09:00:04][FINE] Found 2159 texture-keys.
[2026-09-10 09:00:04][FINE] Loading textures from: bluemap/resourceExtensions.zip ...
[2026-09-10 09:00:04][FINE] Loading textures from: bluemap/minecraft-client-26.2.jar ...
[2026-09-10 09:00:05][FINE] Baking resources...
[2026-09-10 09:00:05][INFO] Resources loaded.
[2026-09-10 09:00:05][FINE] Loading world world#minecraft:overworld ...
[2026-09-10 09:00:05][FINE] Loading datapack...
[2026-09-10 09:00:05][FINE] Loading datapack from: bluemap/resourceExtensions.zip ...
[2026-09-10 09:00:05][FINE] Loading datapack from: bluemap/minecraft-client-26.2.jar ...
[2026-09-10 09:00:05][FINE] Baking datapack...
[2026-09-10 09:00:05][FINE] Datapack loaded.
[2026-09-10 09:00:05][INFO] Initializing Storage: 'file' (Type: 'bluemap:file')
[2026-09-10 09:00:05][INFO] Loading map 'world'...
[2026-09-10 09:00:05][FINE] Loading render-state for map 'world'
[2026-09-10 09:00:05][FINE] Loading textures for map 'world'
[2026-09-10 09:00:05][FINE] Loading world world#minecraft:the_end ...
[2026-09-10 09:00:05][FINE] Loading datapack...
[2026-09-10 09:00:05][FINE] Loading datapack from: bluemap/resourceExtensions.zip ...
[2026-09-10 09:00:05][FINE] Loading datapack from: bluemap/minecraft-client-26.2.jar ...
[2026-09-10 09:00:06][FINE] Baking datapack...
[2026-09-10 09:00:06][FINE] Datapack loaded.
[2026-09-10 09:00:06][INFO] Loading map 'world_the_end'...
[2026-09-10 09:00:06][FINE] Loading render-state for map 'world_the_end'
[2026-09-10 09:00:06][FINE] Loading textures for map 'world_the_end'
[2026-09-10 09:00:06][FINE] Loading world world#minecraft:the_nether ...
[2026-09-10 09:00:06][FINE] Loading datapack...
[2026-09-10 09:00:06][FINE] Loading datapack from: bluemap/resourceExtensions.zip ...
[2026-09-10 09:00:06][FINE] Loading datapack from: bluemap/minecraft-client-26.2.jar ...
[2026-09-10 09:00:06][FINE] Baking datapack...
[2026-09-10 09:00:06][FINE] Datapack loaded.
[2026-09-10 09:00:06][INFO] Loading map 'world_the_nether'...
[2026-09-10 09:00:06][FINE] Loading render-state for map 'world_the_nether'
[2026-09-10 09:00:06][FINE] Loading textures for map 'world_the_nether'
[2026-09-10 09:00:06][INFO] WebServer bound to all network interfaces on port 8100
[2026-09-10 09:00:06][INFO] WebServer started.
[2026-09-10 09:00:06][FINE] Started watching map 'world' for updates...
[2026-09-10 09:00:06][FINE] Started watching map 'world_the_end' for updates...
[2026-09-10 09:00:06][FINE] Started watching map 'world_the_nether' for updates...
[2026-09-10 09:00:06][INFO] Loaded!
[2026-09-10 09:01:46][INFO] Stopping...
[2026-09-10 09:01:46][FINE] Stopped watching map 'world' for updates.
[2026-09-10 09:01:46][FINE] Stopped watching map 'world_the_nether' for updates.
[2026-09-10 09:01:46][FINE] Stopped watching map 'world_the_end' for updates.
[2026-09-10 09:01:47][INFO] Waiting for task 'updating map 'world'' to stop.. (100.0%)
