[2026/09/11 23:19:36 INFO]:           __             _       
[2026/09/11 23:19:36 INFO]:   _ __   / /  ___   __ _(_)_ __  
[2026/09/11 23:19:36 INFO]:  | '_ \ / /  / _ \ / _` | | '_ \ 
[2026/09/11 23:19:36 INFO]:  | | | / /__| (_) | (_| | | | | |
[2026/09/11 23:19:36 INFO]:  |_| |_\____/\___/ \__, |_|_| |_|
[2026/09/11 23:19:36 INFO]:                   |___/            
[2026/09/11 23:19:36 INFO]:  By: www.nickuc.com - V 2.0.19
[2026/09/11 23:19:36 INFO]:  
[2026/09/11 23:19:37 DEBUG]: Loading the messages_en.yml message file...
[2026/09/11 23:19:37 DEBUG]: Messages were loaded in 421 ms (single file).
[2026/09/11 23:19:37 DEBUG]: Settings were loaded in 659 ms.
[2026/09/11 23:19:37 DEBUG]: Loading database...
[2026/09/11 23:19:38 DEBUG]: Starting logger filter...
[2026/09/11 23:19:38 INFO]: Loading packetevents-velocity 2.13.0...
[2026/09/11 23:20:14 DEBUG]: [SQLite] [UPDATE]: "UPDATE `nlogin` SET `last_name` = 'dark67', `unique_id` = 41942e52395335f595f8cfdda10d1924,  `mojang_id` = null,  `bedrock_id` = null,  `password` = '$argon2id$v=19$m=32768,t=5,p=1$JJ9sug1BtCvO9wczkZvbxQ$alAIJafJSofmZWhOjyVd7reEvkaGOp/CWmtUyB7pqsA', `last_ip` = '0:0:0:0:0:0:0:1', `creation_date` = 2026-09-11 01:09:16.896, `last_seen` = 2026-09-11 23:20:14.473, `email` = null, `discord` = null, `settings` = '{"settings":[{"value":"survival","key":"last-server"},{"value":"en","key":"language"}],"version":0}' WHERE `ai` = 6" (applied to [last_ip, last_seen, settings] columns)
[2026/09/11 23:20:14 INFO]: The user dark67 has successfully logged in.
[2026/09/11 23:44:53 DEBUG]: [SQLite] [UPDATE]: "UPDATE `nlogin` SET `last_name` = 'dark67', `unique_id` = 41942e52395335f595f8cfdda10d1924,  `mojang_id` = null,  `bedrock_id` = null,  `password` = '$argon2id$v=19$m=32768,t=5,p=1$JJ9sug1BtCvO9wczkZvbxQ$alAIJafJSofmZWhOjyVd7reEvkaGOp/CWmtUyB7pqsA', `last_ip` = '0:0:0:0:0:0:0:1', `creation_date` = 2026-09-11 01:09:16.896, `last_seen` = 2026-09-11 23:44:53.945, `email` = null, `discord` = null, `settings` = '{"settings":[{"value":"auth","key":"last-server"},{"value":"en","key":"language"}],"version":0}' WHERE `ai` = 6" (applied to [last_seen, settings] columns)
[2026/09/11 23:45:38 DEBUG]: [SQLite] [UPDATE]: "UPDATE `nlogin` SET `last_name` = 'dark67', `unique_id` = 41942e52395335f595f8cfdda10d1924,  `mojang_id` = null,  `bedrock_id` = null,  `password` = '$argon2id$v=19$m=32768,t=5,p=1$JJ9sug1BtCvO9wczkZvbxQ$alAIJafJSofmZWhOjyVd7reEvkaGOp/CWmtUyB7pqsA', `last_ip` = '0:0:0:0:0:0:0:1', `creation_date` = 2026-09-11 01:09:16.896, `last_seen` = 2026-09-11 23:45:38.734, `email` = null, `discord` = null, `settings` = '{"settings":[{"value":"auth","key":"last-server"},{"value":"en","key":"language"}],"version":0}' WHERE `ai` = 6" (applied to [last_ip, last_seen, settings] columns)
[2026/09/11 23:45:38 INFO]: The user dark67 has successfully logged in.
[2026/09/11 23:46:42 DEBUG]: [SQLite] [UPDATE]: "UPDATE `nlogin` SET `last_name` = 'dark67', `unique_id` = 41942e52395335f595f8cfdda10d1924,  `mojang_id` = null,  `bedrock_id` = null,  `password` = '$argon2id$v=19$m=32768,t=5,p=1$JJ9sug1BtCvO9wczkZvbxQ$alAIJafJSofmZWhOjyVd7reEvkaGOp/CWmtUyB7pqsA', `last_ip` = '0:0:0:0:0:0:0:1', `creation_date` = 2026-09-11 01:09:16.896, `last_seen` = 2026-09-11 23:46:42.888, `email` = null, `discord` = null, `settings` = '{"settings":[{"value":"auth","key":"last-server"},{"value":"en","key":"language"}],"version":0}' WHERE `ai` = 6" (applied to [last_seen, settings] columns)
[2026/09/11 23:47:40 DEBUG]: [SQLite] [UPDATE]: "UPDATE `nlogin` SET `last_name` = 'ironmanLJM', `unique_id` = d00c14c99ee33788b053a1de57b43b72,  `mojang_id` = null,  `bedrock_id` = null,  `password` = '$argon2id$v=19$m=32768,t=5,p=1$cV1I4x/4v2rpZppSpiSf+Q$aSKt9z1JsOhc50u2apJC4yxw04ExW/N/ThxC+bwFvy4', `last_ip` = '0:0:0:0:0:0:0:1', `creation_date` = 2026-09-09 03:37:34.079, `last_seen` = 2026-09-11 23:47:40.357, `email` = null, `discord` = null, `settings` = '{"settings":[{"value":"survival","key":"last-server"},{"value":"en","key":"language"}],"version":0}' WHERE `ai` = 4" (applied to [last_ip, last_seen, settings] columns)
[2026/09/11 23:47:40 INFO]: The user ironmanLJM has successfully logged in.
[2026/09/11 23:48:48 DEBUG]: [SQLite] [UPDATE]: "UPDATE `nlogin` SET `last_name` = 'dark67', `unique_id` = 41942e52395335f595f8cfdda10d1924,  `mojang_id` = null,  `bedrock_id` = null,  `password` = '$argon2id$v=19$m=32768,t=5,p=1$JJ9sug1BtCvO9wczkZvbxQ$alAIJafJSofmZWhOjyVd7reEvkaGOp/CWmtUyB7pqsA', `last_ip` = '0:0:0:0:0:0:0:1', `creation_date` = 2026-09-11 01:09:16.896, `last_seen` = 2026-09-11 23:48:48.271, `email` = null, `discord` = null, `settings` = '{"settings":[{"value":"auth","key":"last-server"},{"value":"en","key":"language"}],"version":0}' WHERE `ai` = 6" (applied to [last_ip, last_seen, settings] columns)
[2026/09/11 23:48:48 INFO]: The user dark67 has successfully logged in.
[2026/09/11 23:50:40 DEBUG]: [SQLite] [UPDATE]: "UPDATE `nlogin` SET `last_name` = 'ironmanLJM', `unique_id` = d00c14c99ee33788b053a1de57b43b72,  `mojang_id` = null,  `bedrock_id` = null,  `password` = '$argon2id$v=19$m=32768,t=5,p=1$cV1I4x/4v2rpZppSpiSf+Q$aSKt9z1JsOhc50u2apJC4yxw04ExW/N/ThxC+bwFvy4', `last_ip` = '0:0:0:0:0:0:0:1', `creation_date` = 2026-09-09 03:37:34.079, `last_seen` = 2026-09-11 23:50:40.142, `email` = null, `discord` = null, `settings` = '{"settings":[{"value":"survival","key":"last-server"},{"value":"en","key":"language"}],"version":0}' WHERE `ai` = 4" (applied to [last_seen, settings] columns)
[2026/09/11 23:52:26 DEBUG]: [SQLite] [UPDATE]: "UPDATE `nlogin` SET `last_name` = 'ironmanLJM', `unique_id` = d00c14c99ee33788b053a1de57b43b72,  `mojang_id` = null,  `bedrock_id` = null,  `password` = '$argon2id$v=19$m=32768,t=5,p=1$cV1I4x/4v2rpZppSpiSf+Q$aSKt9z1JsOhc50u2apJC4yxw04ExW/N/ThxC+bwFvy4', `last_ip` = '0:0:0:0:0:0:0:1', `creation_date` = 2026-09-09 03:37:34.079, `last_seen` = 2026-09-11 23:52:26.923, `email` = null, `discord` = null, `settings` = '{"settings":[{"value":"survival","key":"last-server"},{"value":"en","key":"language"}],"version":0}' WHERE `ai` = 4" (applied to [last_ip, last_seen, settings] columns)
[2026/09/11 23:52:26 INFO]: The user ironmanLJM has successfully logged in.
[2026/09/11 23:53:46 DEBUG]: [SQLite] [UPDATE]: "UPDATE `nlogin` SET `last_name` = 'ironmanLJM', `unique_id` = d00c14c99ee33788b053a1de57b43b72,  `mojang_id` = null,  `bedrock_id` = null,  `password` = '$argon2id$v=19$m=32768,t=5,p=1$cV1I4x/4v2rpZppSpiSf+Q$aSKt9z1JsOhc50u2apJC4yxw04ExW/N/ThxC+bwFvy4', `last_ip` = '0:0:0:0:0:0:0:1', `creation_date` = 2026-09-09 03:37:34.079, `last_seen` = 2026-09-11 23:53:46.533, `email` = null, `discord` = null, `settings` = '{"settings":[{"value":"survival","key":"last-server"},{"value":"en","key":"language"}],"version":0}' WHERE `ai` = 4" (applied to [last_seen, settings] columns)
[2026/09/11 23:53:58 DEBUG]: [SQLite] [UPDATE]: "UPDATE `nlogin` SET `last_name` = 'dark67', `unique_id` = 41942e52395335f595f8cfdda10d1924,  `mojang_id` = null,  `bedrock_id` = null,  `password` = '$argon2id$v=19$m=32768,t=5,p=1$JJ9sug1BtCvO9wczkZvbxQ$alAIJafJSofmZWhOjyVd7reEvkaGOp/CWmtUyB7pqsA', `last_ip` = '0:0:0:0:0:0:0:1', `creation_date` = 2026-09-11 01:09:16.896, `last_seen` = 2026-09-11 23:53:58.141, `email` = null, `discord` = null, `settings` = '{"settings":[{"value":"auth","key":"last-server"},{"value":"en","key":"language"}],"version":0}' WHERE `ai` = 6" (applied to [last_seen, settings] columns)
[2026/09/11 23:54:00 INFO]: Successful plugin core shutdown (took 0.00s)
