[2026/09/09 03:36:15 INFO]:           __             _       
[2026/09/09 03:36:15 INFO]:   _ __   / /  ___   __ _(_)_ __  
[2026/09/09 03:36:15 INFO]:  | '_ \ / /  / _ \ / _` | | '_ \ 
[2026/09/09 03:36:15 INFO]:  | | | / /__| (_) | (_| | | | | |
[2026/09/09 03:36:15 INFO]:  |_| |_\____/\___/ \__, |_|_| |_|
[2026/09/09 03:36:15 INFO]:                   |___/            
[2026/09/09 03:36:15 INFO]:  By: www.nickuc.com - V 2.0.19
[2026/09/09 03:36:15 INFO]:  
[2026/09/09 03:36:16 DEBUG]: Loading the messages_en.yml message file...
[2026/09/09 03:36:16 DEBUG]: Messages were loaded in 300 ms (single file).
[2026/09/09 03:36:16 DEBUG]: Settings were loaded in 460 ms.
[2026/09/09 03:36:16 DEBUG]: Loading database...
[2026/09/09 03:36:16 DEBUG]: Starting logger filter...
[2026/09/09 03:36:16 INFO]: Loading packetevents-velocity 2.13.0...
[2026/09/09 03:37:34 DEBUG]: [SQLite] [UPDATE]: "INSERT INTO `nlogin` (`last_name`, `unique_id`, `mojang_id`, `bedrock_id`, `password`, `last_ip`, `creation_date`, `last_seen`, `email`, `discord`, `settings`) VALUES ('ironmanLJM', d00c14c99ee33788b053a1de57b43b72, null, null, '$argon2id$v=19$m=32768,t=5,p=1$cV1I4x/4v2rpZppSpiSf+Q$aSKt9z1JsOhc50u2apJC4yxw04ExW/N/ThxC+bwFvy4', '0:0:0:0:0:0:0:1', '2026-09-09 03:37:34.079', '2026-09-09 03:37:34.079', null, null, '{"settings":[{"value":true,"key":"force-invalid-session"}],"version":0}')" (applied to all columns)
[2026/09/09 03:37:34 INFO]: The user ironmanLJM has successfully registered.
[2026/09/09 03:37:49 DEBUG]: [SQLite] [UPDATE]: "UPDATE `nlogin` SET `last_name` = 'ironmanLJM', `unique_id` = d00c14c99ee33788b053a1de57b43b72,  `mojang_id` = null,  `bedrock_id` = null,  `password` = '$argon2id$v=19$m=32768,t=5,p=1$cV1I4x/4v2rpZppSpiSf+Q$aSKt9z1JsOhc50u2apJC4yxw04ExW/N/ThxC+bwFvy4', `last_ip` = '0:0:0:0:0:0:0:1', `creation_date` = 2026-09-09 03:37:34.079, `last_seen` = 2026-09-09 03:37:49.387, `email` = null, `discord` = null, `settings` = '{"settings":[{"value":true,"key":"force-invalid-session"},{"value":"survival","key":"last-server"},{"value":"en","key":"language"}],"version":0}' WHERE `ai` = 4" (applied to [last_seen, settings] columns)
[2026/09/09 03:39:44 DEBUG]: [SQLite] [UPDATE]: "UPDATE `nlogin` SET `last_name` = 'ironmanLJM', `unique_id` = d00c14c99ee33788b053a1de57b43b72,  `mojang_id` = null,  `bedrock_id` = null,  `password` = '$argon2id$v=19$m=32768,t=5,p=1$cV1I4x/4v2rpZppSpiSf+Q$aSKt9z1JsOhc50u2apJC4yxw04ExW/N/ThxC+bwFvy4', `last_ip` = '0:0:0:0:0:0:0:1', `creation_date` = 2026-09-09 03:37:34.079, `last_seen` = 2026-09-09 03:39:44.713, `email` = null, `discord` = null, `settings` = '{"settings":[{"value":"survival","key":"last-server"},{"value":"en","key":"language"}],"version":0}' WHERE `ai` = 4" (applied to [last_ip, last_seen, settings] columns)
[2026/09/09 03:39:44 INFO]: The user ironmanLJM has successfully logged in.
[2026/09/09 03:42:48 DEBUG]: [SQLite] [UPDATE]: "UPDATE `nlogin` SET `last_name` = 'ironmanLJM', `unique_id` = d00c14c99ee33788b053a1de57b43b72,  `mojang_id` = null,  `bedrock_id` = null,  `password` = '$argon2id$v=19$m=32768,t=5,p=1$cV1I4x/4v2rpZppSpiSf+Q$aSKt9z1JsOhc50u2apJC4yxw04ExW/N/ThxC+bwFvy4', `last_ip` = '0:0:0:0:0:0:0:1', `creation_date` = 2026-09-09 03:37:34.079, `last_seen` = 2026-09-09 03:42:48.615, `email` = null, `discord` = null, `settings` = '{"settings":[{"value":"survival","key":"last-server"},{"value":"en","key":"language"}],"version":0}' WHERE `ai` = 4" (applied to [last_seen, settings] columns)
[2026/09/09 03:44:03 DEBUG]: The ironmanLJM (0:0:0:0:0:0:0:1) player entered an incorrect password
[2026/09/09 03:44:16 DEBUG]: [SQLite] [UPDATE]: "UPDATE `nlogin` SET `last_name` = 'ironmanLJM', `unique_id` = d00c14c99ee33788b053a1de57b43b72,  `mojang_id` = null,  `bedrock_id` = null,  `password` = '$argon2id$v=19$m=32768,t=5,p=1$cV1I4x/4v2rpZppSpiSf+Q$aSKt9z1JsOhc50u2apJC4yxw04ExW/N/ThxC+bwFvy4', `last_ip` = '0:0:0:0:0:0:0:1', `creation_date` = 2026-09-09 03:37:34.079, `last_seen` = 2026-09-09 03:44:16.643, `email` = null, `discord` = null, `settings` = '{"settings":[{"value":"survival","key":"last-server"},{"value":"en","key":"language"}],"version":0}' WHERE `ai` = 4" (applied to [last_ip, last_seen, settings] columns)
[2026/09/09 03:44:16 INFO]: The user ironmanLJM has successfully logged in.
