[2026/09/11 05:16:47 INFO]:           __             _       
[2026/09/11 05:16:47 INFO]:   _ __   / /  ___   __ _(_)_ __  
[2026/09/11 05:16:47 INFO]:  | '_ \ / /  / _ \ / _` | | '_ \ 
[2026/09/11 05:16:47 INFO]:  | | | / /__| (_) | (_| | | | | |
[2026/09/11 05:16:47 INFO]:  |_| |_\____/\___/ \__, |_|_| |_|
[2026/09/11 05:16:47 INFO]:                   |___/            
[2026/09/11 05:16:47 INFO]:  By: www.nickuc.com - V 2.0.19
[2026/09/11 05:16:47 INFO]:  
[2026/09/11 05:16:48 DEBUG]: Loading the messages_en.yml message file...
[2026/09/11 05:16:48 DEBUG]: Messages were loaded in 393 ms (single file).
[2026/09/11 05:16:48 DEBUG]: Settings were loaded in 620 ms.
[2026/09/11 05:16:48 DEBUG]: Loading database...
[2026/09/11 05:16:49 DEBUG]: Starting logger filter...
[2026/09/11 05:16:49 INFO]: Loading packetevents-velocity 2.13.0...
[2026/09/11 05:26:06 DEBUG]: [SQLite] [UPDATE]: "UPDATE `nlogin` SET `last_name` = 'Vyqzren', `unique_id` = f7b02e4299743b8783a17ff87122c29a,  `mojang_id` = null,  `bedrock_id` = null,  `password` = '$argon2id$v=19$m=32768,t=5,p=1$7nvu8Vglrc67gNMcG5dWFg$gFcswEJwB2xcN7ZstpQ2ANmevElDKzVE1EZ8Ninlojk', `last_ip` = '0:0:0:0:0:0:0:1', `creation_date` = 2026-09-09 22:52:42.856, `last_seen` = 2026-09-11 05:26:06.002, `email` = null, `discord` = null, `settings` = '{"settings":[{"value":"survival","key":"last-server"},{"value":"en","key":"language"}],"version":0}' WHERE `ai` = 5" (applied to [last_ip, last_seen, settings] columns)
[2026/09/11 05:26:06 INFO]: The user Vyqzren has successfully logged in.
[2026/09/11 05:26:09 DEBUG]: [SQLite] [UPDATE]: "UPDATE `nlogin` SET `last_name` = 'ironmanLJM', `unique_id` = d00c14c99ee33788b053a1de57b43b72,  `mojang_id` = null,  `bedrock_id` = null,  `password` = '$argon2id$v=19$m=32768,t=5,p=1$cV1I4x/4v2rpZppSpiSf+Q$aSKt9z1JsOhc50u2apJC4yxw04ExW/N/ThxC+bwFvy4', `last_ip` = '0:0:0:0:0:0:0:1', `creation_date` = 2026-09-09 03:37:34.079, `last_seen` = 2026-09-11 05:26:09.153, `email` = null, `discord` = null, `settings` = '{"settings":[{"value":"survival","key":"last-server"},{"value":"en","key":"language"}],"version":0}' WHERE `ai` = 4" (applied to [last_ip, last_seen, settings] columns)
[2026/09/11 05:26:09 INFO]: The user ironmanLJM has successfully logged in.
[2026/09/11 05:30:05 DEBUG]: [SQLite] [UPDATE]: "UPDATE `nlogin` SET `last_name` = 'ironmanLJM', `unique_id` = d00c14c99ee33788b053a1de57b43b72,  `mojang_id` = null,  `bedrock_id` = null,  `password` = '$argon2id$v=19$m=32768,t=5,p=1$cV1I4x/4v2rpZppSpiSf+Q$aSKt9z1JsOhc50u2apJC4yxw04ExW/N/ThxC+bwFvy4', `last_ip` = '0:0:0:0:0:0:0:1', `creation_date` = 2026-09-09 03:37:34.079, `last_seen` = 2026-09-11 05:30:05.645, `email` = null, `discord` = null, `settings` = '{"settings":[{"value":"survival","key":"last-server"},{"value":"en","key":"language"}],"version":0}' WHERE `ai` = 4" (applied to [last_seen, settings] columns)
[2026/09/11 05:30:18 DEBUG]: [SQLite] [UPDATE]: "UPDATE `nlogin` SET `last_name` = 'ironmanLJM', `unique_id` = d00c14c99ee33788b053a1de57b43b72,  `mojang_id` = null,  `bedrock_id` = null,  `password` = '$argon2id$v=19$m=32768,t=5,p=1$cV1I4x/4v2rpZppSpiSf+Q$aSKt9z1JsOhc50u2apJC4yxw04ExW/N/ThxC+bwFvy4', `last_ip` = '0:0:0:0:0:0:0:1', `creation_date` = 2026-09-09 03:37:34.079, `last_seen` = 2026-09-11 05:30:18.065, `email` = null, `discord` = null, `settings` = '{"settings":[{"value":"survival","key":"last-server"},{"value":"en","key":"language"}],"version":0}' WHERE `ai` = 4" (applied to [last_ip, last_seen, settings] columns)
[2026/09/11 05:30:18 INFO]: The user ironmanLJM has successfully logged in.
[2026/09/11 05:31:05 DEBUG]: [SQLite] [UPDATE]: "UPDATE `nlogin` SET `last_name` = 'ironmanLJM', `unique_id` = d00c14c99ee33788b053a1de57b43b72,  `mojang_id` = null,  `bedrock_id` = null,  `password` = '$argon2id$v=19$m=32768,t=5,p=1$cV1I4x/4v2rpZppSpiSf+Q$aSKt9z1JsOhc50u2apJC4yxw04ExW/N/ThxC+bwFvy4', `last_ip` = '0:0:0:0:0:0:0:1', `creation_date` = 2026-09-09 03:37:34.079, `last_seen` = 2026-09-11 05:31:05.388, `email` = null, `discord` = null, `settings` = '{"settings":[{"value":"survival","key":"last-server"},{"value":"en","key":"language"}],"version":0}' WHERE `ai` = 4" (applied to [last_seen, settings] columns)
[2026/09/11 05:33:56 DEBUG]: [SQLite] [UPDATE]: "UPDATE `nlogin` SET `last_name` = 'dark67', `unique_id` = 41942e52395335f595f8cfdda10d1924,  `mojang_id` = null,  `bedrock_id` = null,  `password` = '$argon2id$v=19$m=32768,t=5,p=1$JJ9sug1BtCvO9wczkZvbxQ$alAIJafJSofmZWhOjyVd7reEvkaGOp/CWmtUyB7pqsA', `last_ip` = '0:0:0:0:0:0:0:1', `creation_date` = 2026-09-11 01:09:16.896, `last_seen` = 2026-09-11 05:33:56.577, `email` = null, `discord` = null, `settings` = '{"settings":[{"value":"survival","key":"last-server"},{"value":"en","key":"language"}],"version":0}' WHERE `ai` = 6" (applied to [last_ip, last_seen, settings] columns)
[2026/09/11 05:33:56 INFO]: The user dark67 has successfully logged in.
