[2026/09/12 22:45:41 INFO]:           __             _       
[2026/09/12 22:45:41 INFO]:   _ __   / /  ___   __ _(_)_ __  
[2026/09/12 22:45:41 INFO]:  | '_ \ / /  / _ \ / _` | | '_ \ 
[2026/09/12 22:45:41 INFO]:  | | | / /__| (_) | (_| | | | | |
[2026/09/12 22:45:41 INFO]:  |_| |_\____/\___/ \__, |_|_| |_|
[2026/09/12 22:45:41 INFO]:                   |___/            
[2026/09/12 22:45:41 INFO]:  By: www.nickuc.com - V 2.0.19
[2026/09/12 22:45:41 INFO]:  
[2026/09/12 22:45:41 DEBUG]: Loading the messages_en.yml message file...
[2026/09/12 22:45:42 DEBUG]: Messages were loaded in 424 ms (single file).
[2026/09/12 22:45:42 DEBUG]: Settings were loaded in 607 ms.
[2026/09/12 22:45:42 DEBUG]: Loading database...
[2026/09/12 22:45:43 DEBUG]: Starting logger filter...
[2026/09/12 22:45:43 INFO]: Loading packetevents-velocity 2.13.0...
[2026/09/12 22:46:19 DEBUG]: [SQLite] [UPDATE]: "UPDATE `nlogin` SET `last_name` = 'ironmanLJM', `unique_id` = d00c14c99ee33788b053a1de57b43b72,  `mojang_id` = null,  `bedrock_id` = null,  `password` = '$argon2id$v=19$m=32768,t=5,p=1$cV1I4x/4v2rpZppSpiSf+Q$aSKt9z1JsOhc50u2apJC4yxw04ExW/N/ThxC+bwFvy4', `last_ip` = '0:0:0:0:0:0:0:1', `creation_date` = 2026-09-09 03:37:34.079, `last_seen` = 2026-09-12 22:46:19.241, `email` = null, `discord` = null, `settings` = '{"settings":[{"value":"survival","key":"last-server"},{"value":"en","key":"language"}],"version":0}' WHERE `ai` = 4" (applied to [last_ip, last_seen, settings] columns)
[2026/09/12 22:46:19 INFO]: The user ironmanLJM has successfully logged in.
[2026/09/12 23:36:07 DEBUG]: [SQLite] [UPDATE]: "UPDATE `nlogin` SET `last_name` = 'Vyqzren', `unique_id` = f7b02e4299743b8783a17ff87122c29a,  `mojang_id` = null,  `bedrock_id` = null,  `password` = '$argon2id$v=19$m=32768,t=5,p=1$7nvu8Vglrc67gNMcG5dWFg$gFcswEJwB2xcN7ZstpQ2ANmevElDKzVE1EZ8Ninlojk', `last_ip` = '0:0:0:0:0:0:0:1', `creation_date` = 2026-09-09 22:52:42.856, `last_seen` = 2026-09-12 23:36:07.85, `email` = null, `discord` = null, `settings` = '{"settings":[{"value":"survival","key":"last-server"},{"value":"en","key":"language"}],"version":0}' WHERE `ai` = 5" (applied to [last_ip, last_seen, settings] columns)
[2026/09/12 23:36:07 INFO]: The user Vyqzren has successfully logged in.
[2026/09/12 23:36:30 DEBUG]: [SQLite] [UPDATE]: "UPDATE `nlogin` SET `last_name` = 'Vyqzren', `unique_id` = f7b02e4299743b8783a17ff87122c29a,  `mojang_id` = null,  `bedrock_id` = null,  `password` = '$argon2id$v=19$m=32768,t=5,p=1$7nvu8Vglrc67gNMcG5dWFg$gFcswEJwB2xcN7ZstpQ2ANmevElDKzVE1EZ8Ninlojk', `last_ip` = '0:0:0:0:0:0:0:1', `creation_date` = 2026-09-09 22:52:42.856, `last_seen` = 2026-09-12 23:36:30.713, `email` = null, `discord` = null, `settings` = '{"settings":[{"value":"survival","key":"last-server"},{"value":"en","key":"language"}],"version":0}' WHERE `ai` = 5" (applied to [last_seen, settings] columns)
[2026/09/12 23:36:43 DEBUG]: [SQLite] [UPDATE]: "UPDATE `nlogin` SET `last_name` = 'Vyqzren', `unique_id` = f7b02e4299743b8783a17ff87122c29a,  `mojang_id` = null,  `bedrock_id` = null,  `password` = '$argon2id$v=19$m=32768,t=5,p=1$7nvu8Vglrc67gNMcG5dWFg$gFcswEJwB2xcN7ZstpQ2ANmevElDKzVE1EZ8Ninlojk', `last_ip` = '0:0:0:0:0:0:0:1', `creation_date` = 2026-09-09 22:52:42.856, `last_seen` = 2026-09-12 23:36:43.334, `email` = null, `discord` = null, `settings` = '{"settings":[{"value":"survival","key":"last-server"},{"value":"en","key":"language"}],"version":0}' WHERE `ai` = 5" (applied to [last_ip, last_seen, settings] columns)
[2026/09/12 23:36:43 INFO]: The user Vyqzren has successfully logged in.
