[2026/09/10 05:31:09 INFO]:           __             _       
[2026/09/10 05:31:09 INFO]:   _ __   / /  ___   __ _(_)_ __  
[2026/09/10 05:31:09 INFO]:  | '_ \ / /  / _ \ / _` | | '_ \ 
[2026/09/10 05:31:09 INFO]:  | | | / /__| (_) | (_| | | | | |
[2026/09/10 05:31:09 INFO]:  |_| |_\____/\___/ \__, |_|_| |_|
[2026/09/10 05:31:09 INFO]:                   |___/            
[2026/09/10 05:31:09 INFO]:  By: www.nickuc.com - V 2.0.19
[2026/09/10 05:31:09 INFO]:  
[2026/09/10 05:31:09 DEBUG]: Loading the messages_en.yml message file...
[2026/09/10 05:31:09 DEBUG]: Messages were loaded in 193 ms (single file).
[2026/09/10 05:31:09 DEBUG]: Settings were loaded in 315 ms.
[2026/09/10 05:31:09 DEBUG]: Loading database...
[2026/09/10 05:31:09 DEBUG]: Starting logger filter...
[2026/09/10 05:31:10 INFO]: Loading packetevents-velocity 2.13.0...
[2026/09/10 05:31:32 DEBUG]: [SQLite] [UPDATE]: "UPDATE `nlogin` SET `last_name` = 'ironmanLJM', `unique_id` = d00c14c99ee33788b053a1de57b43b72,  `mojang_id` = null,  `bedrock_id` = null,  `password` = '$argon2id$v=19$m=32768,t=5,p=1$cV1I4x/4v2rpZppSpiSf+Q$aSKt9z1JsOhc50u2apJC4yxw04ExW/N/ThxC+bwFvy4', `last_ip` = '0:0:0:0:0:0:0:1', `creation_date` = 2026-09-09 03:37:34.079, `last_seen` = 2026-09-10 05:31:32.506, `email` = null, `discord` = null, `settings` = '{"settings":[{"value":"survival","key":"last-server"},{"value":"en","key":"language"}],"version":0}' WHERE `ai` = 4" (applied to [last_ip, last_seen, settings] columns)
[2026/09/10 05:31:32 INFO]: The user ironmanLJM has successfully logged in.
[2026/09/10 05:32:42 DEBUG]: [SQLite] [UPDATE]: "UPDATE `nlogin` SET `last_name` = 'Vyqzren', `unique_id` = f7b02e4299743b8783a17ff87122c29a,  `mojang_id` = null,  `bedrock_id` = null,  `password` = '$argon2id$v=19$m=32768,t=5,p=1$7nvu8Vglrc67gNMcG5dWFg$gFcswEJwB2xcN7ZstpQ2ANmevElDKzVE1EZ8Ninlojk', `last_ip` = '0:0:0:0:0:0:0:1', `creation_date` = 2026-09-09 22:52:42.856, `last_seen` = 2026-09-10 05:32:42.033, `email` = null, `discord` = null, `settings` = '{"settings":[{"value":"survival","key":"last-server"},{"value":"en","key":"language"}],"version":0}' WHERE `ai` = 5" (applied to [last_ip, last_seen, settings] columns)
[2026/09/10 05:32:42 INFO]: The user Vyqzren has successfully logged in.
[2026/09/10 05:36:50 DEBUG]: [SQLite] [UPDATE]: "UPDATE `nlogin` SET `last_name` = 'Vyqzren', `unique_id` = f7b02e4299743b8783a17ff87122c29a,  `mojang_id` = null,  `bedrock_id` = null,  `password` = '$argon2id$v=19$m=32768,t=5,p=1$7nvu8Vglrc67gNMcG5dWFg$gFcswEJwB2xcN7ZstpQ2ANmevElDKzVE1EZ8Ninlojk', `last_ip` = '0:0:0:0:0:0:0:1', `creation_date` = 2026-09-09 22:52:42.856, `last_seen` = 2026-09-10 05:36:50.424, `email` = null, `discord` = null, `settings` = '{"settings":[{"value":"auth","key":"last-server"},{"value":"en","key":"language"}],"version":0}' WHERE `ai` = 5" (applied to [last_seen, settings] columns)
[2026/09/10 05:37:01 DEBUG]: [SQLite] [UPDATE]: "UPDATE `nlogin` SET `last_name` = 'Vyqzren', `unique_id` = f7b02e4299743b8783a17ff87122c29a,  `mojang_id` = null,  `bedrock_id` = null,  `password` = '$argon2id$v=19$m=32768,t=5,p=1$7nvu8Vglrc67gNMcG5dWFg$gFcswEJwB2xcN7ZstpQ2ANmevElDKzVE1EZ8Ninlojk', `last_ip` = '0:0:0:0:0:0:0:1', `creation_date` = 2026-09-09 22:52:42.856, `last_seen` = 2026-09-10 05:37:01.765, `email` = null, `discord` = null, `settings` = '{"settings":[{"value":"auth","key":"last-server"},{"value":"en","key":"language"}],"version":0}' WHERE `ai` = 5" (applied to [last_ip, last_seen, settings] columns)
[2026/09/10 05:37:01 INFO]: The user Vyqzren has successfully logged in.
[2026/09/10 05:37:12 DEBUG]: [SQLite] [UPDATE]: "UPDATE `nlogin` SET `last_name` = 'Vyqzren', `unique_id` = f7b02e4299743b8783a17ff87122c29a,  `mojang_id` = null,  `bedrock_id` = null,  `password` = '$argon2id$v=19$m=32768,t=5,p=1$7nvu8Vglrc67gNMcG5dWFg$gFcswEJwB2xcN7ZstpQ2ANmevElDKzVE1EZ8Ninlojk', `last_ip` = '0:0:0:0:0:0:0:1', `creation_date` = 2026-09-09 22:52:42.856, `last_seen` = 2026-09-10 05:37:11.998, `email` = null, `discord` = null, `settings` = '{"settings":[{"value":"auth","key":"last-server"},{"value":"en","key":"language"}],"version":0}' WHERE `ai` = 5" (applied to [last_seen, settings] columns)
[2026/09/10 05:37:24 DEBUG]: [SQLite] [UPDATE]: "UPDATE `nlogin` SET `last_name` = 'Vyqzren', `unique_id` = f7b02e4299743b8783a17ff87122c29a,  `mojang_id` = null,  `bedrock_id` = null,  `password` = '$argon2id$v=19$m=32768,t=5,p=1$7nvu8Vglrc67gNMcG5dWFg$gFcswEJwB2xcN7ZstpQ2ANmevElDKzVE1EZ8Ninlojk', `last_ip` = '0:0:0:0:0:0:0:1', `creation_date` = 2026-09-09 22:52:42.856, `last_seen` = 2026-09-10 05:37:24.004, `email` = null, `discord` = null, `settings` = '{"settings":[{"value":"auth","key":"last-server"},{"value":"en","key":"language"}],"version":0}' WHERE `ai` = 5" (applied to [last_ip, last_seen, settings] columns)
[2026/09/10 05:37:24 INFO]: The user Vyqzren has successfully logged in.
[2026/09/10 05:37:54 DEBUG]: [SQLite] [UPDATE]: "UPDATE `nlogin` SET `last_name` = 'ironmanLJM', `unique_id` = d00c14c99ee33788b053a1de57b43b72,  `mojang_id` = null,  `bedrock_id` = null,  `password` = '$argon2id$v=19$m=32768,t=5,p=1$cV1I4x/4v2rpZppSpiSf+Q$aSKt9z1JsOhc50u2apJC4yxw04ExW/N/ThxC+bwFvy4', `last_ip` = '0:0:0:0:0:0:0:1', `creation_date` = 2026-09-09 03:37:34.079, `last_seen` = 2026-09-10 05:37:54.577, `email` = null, `discord` = null, `settings` = '{"settings":[{"value":"auth","key":"last-server"},{"value":"en","key":"language"}],"version":0}' WHERE `ai` = 4" (applied to [last_seen, settings] columns)
[2026/09/10 05:38:23 DEBUG]: [SQLite] [UPDATE]: "UPDATE `nlogin` SET `last_name` = 'ironmanLJM', `unique_id` = d00c14c99ee33788b053a1de57b43b72,  `mojang_id` = null,  `bedrock_id` = null,  `password` = '$argon2id$v=19$m=32768,t=5,p=1$cV1I4x/4v2rpZppSpiSf+Q$aSKt9z1JsOhc50u2apJC4yxw04ExW/N/ThxC+bwFvy4', `last_ip` = '0:0:0:0:0:0:0:1', `creation_date` = 2026-09-09 03:37:34.079, `last_seen` = 2026-09-10 05:38:23.783, `email` = null, `discord` = null, `settings` = '{"settings":[{"value":"auth","key":"last-server"},{"value":"en","key":"language"}],"version":0}' WHERE `ai` = 4" (applied to [last_ip, last_seen, settings] columns)
[2026/09/10 05:38:23 INFO]: The user ironmanLJM has successfully logged in.
[2026/09/10 06:04:26 DEBUG]: [SQLite] [UPDATE]: "UPDATE `nlogin` SET `last_name` = 'ironmanLJM', `unique_id` = d00c14c99ee33788b053a1de57b43b72,  `mojang_id` = null,  `bedrock_id` = null,  `password` = '$argon2id$v=19$m=32768,t=5,p=1$cV1I4x/4v2rpZppSpiSf+Q$aSKt9z1JsOhc50u2apJC4yxw04ExW/N/ThxC+bwFvy4', `last_ip` = '0:0:0:0:0:0:0:1', `creation_date` = 2026-09-09 03:37:34.079, `last_seen` = 2026-09-10 06:04:26.422, `email` = null, `discord` = null, `settings` = '{"settings":[{"value":"auth","key":"last-server"},{"value":"en","key":"language"}],"version":0}' WHERE `ai` = 4" (applied to [last_seen, settings] columns)
[2026/09/10 06:05:15 DEBUG]: [SQLite] [UPDATE]: "UPDATE `nlogin` SET `last_name` = 'ironmanLJM', `unique_id` = d00c14c99ee33788b053a1de57b43b72,  `mojang_id` = null,  `bedrock_id` = null,  `password` = '$argon2id$v=19$m=32768,t=5,p=1$cV1I4x/4v2rpZppSpiSf+Q$aSKt9z1JsOhc50u2apJC4yxw04ExW/N/ThxC+bwFvy4', `last_ip` = '0:0:0:0:0:0:0:1', `creation_date` = 2026-09-09 03:37:34.079, `last_seen` = 2026-09-10 06:05:15.959, `email` = null, `discord` = null, `settings` = '{"settings":[{"value":"auth","key":"last-server"},{"value":"en","key":"language"}],"version":0}' WHERE `ai` = 4" (applied to [last_ip, last_seen, settings] columns)
[2026/09/10 06:05:15 INFO]: The user ironmanLJM has successfully logged in.
[2026/09/10 06:17:14 DEBUG]: [SQLite] [UPDATE]: "UPDATE `nlogin` SET `last_name` = 'Vyqzren', `unique_id` = f7b02e4299743b8783a17ff87122c29a,  `mojang_id` = null,  `bedrock_id` = null,  `password` = '$argon2id$v=19$m=32768,t=5,p=1$7nvu8Vglrc67gNMcG5dWFg$gFcswEJwB2xcN7ZstpQ2ANmevElDKzVE1EZ8Ninlojk', `last_ip` = '0:0:0:0:0:0:0:1', `creation_date` = 2026-09-09 22:52:42.856, `last_seen` = 2026-09-10 06:17:14.212, `email` = null, `discord` = null, `settings` = '{"settings":[{"value":"auth","key":"last-server"},{"value":"en","key":"language"}],"version":0}' WHERE `ai` = 5" (applied to [last_seen, settings] columns)
[2026/09/10 06:17:14 DEBUG]: [SQLite] [UPDATE]: "UPDATE `nlogin` SET `last_name` = 'ironmanLJM', `unique_id` = d00c14c99ee33788b053a1de57b43b72,  `mojang_id` = null,  `bedrock_id` = null,  `password` = '$argon2id$v=19$m=32768,t=5,p=1$cV1I4x/4v2rpZppSpiSf+Q$aSKt9z1JsOhc50u2apJC4yxw04ExW/N/ThxC+bwFvy4', `last_ip` = '0:0:0:0:0:0:0:1', `creation_date` = 2026-09-09 03:37:34.079, `last_seen` = 2026-09-10 06:17:14.213, `email` = null, `discord` = null, `settings` = '{"settings":[{"value":"auth","key":"last-server"},{"value":"en","key":"language"}],"version":0}' WHERE `ai` = 4" (applied to [last_seen, settings] columns)
[2026/09/10 06:17:16 INFO]: Successful plugin core shutdown (took 0.00s)
