[06:45:32] [ServerMain/INFO]: [bootstrap] Running Java 25 (OpenJDK 64-Bit Server VM 25.0.4.1+1-LTS; Microsoft Microsoft-14951822) on Linux 6.8.0-1064-azure (amd64)
[06:45:32] [ServerMain/INFO]: [bootstrap] Loading Paper 26.2-111-main@f570646 (2026-08-07T16:16:19Z) for Minecraft 26.2
[06:45:32] [ServerMain/INFO]: [PluginInitializerManager] Initializing plugins...
[06:45:33] [ServerMain/INFO]: [PluginInitializerManager] Initialized 3 plugins
[06:45:33] [ServerMain/INFO]: [PluginInitializerManager] Bukkit plugins (3):
 - ViaBackwards (5.11.0), ViaVersion (5.11.0), nLogin (2.0.19)
[06:45:38] [DataConverter MCTypeRegistry init thread/INFO]: [ca.spottedleaf.dataconverter.minecraft.datatypes.MCTypeRegistry] Initialising converters for DataConverter...
[06:45:38] [ServerMain/INFO]: Environment: Environment[sessionHost=https://sessionserver.mojang.com, servicesHost=https://api.minecraftservices.com, profilesHost=https://api.mojang.com, name=PROD]
[06:45:38] [DataConverter MCTypeRegistry init thread/INFO]: [ca.spottedleaf.dataconverter.minecraft.datatypes.MCTypeRegistry] Finished initialising converters for DataConverter in 788.6ms
[06:45:41] [ServerMain/INFO]: Loaded 1585 recipes
[06:45:41] [ServerMain/INFO]: Loaded 1688 advancements
[06:45:41] [Server thread/INFO]: Starting minecraft server version 26.2
[06:45:41] [Server thread/INFO]: Loading properties
[06:45:41] [Server thread/INFO]: This server is running Paper version 26.2-111-main@f570646 (2026-08-07T16:16:19Z) (Implementing API version 26.2.build.111-stable)
[06:45:41] [Server thread/INFO]: [spark] This server bundles the spark profiler. For more information please visit https://docs.papermc.io/paper/profiling
[06:45:41] [Server thread/INFO]: Server Ping Player Sample Count: 12
[06:45:41] [Server thread/INFO]: Using 4 threads for Netty based IO
[06:45:42] [Server thread/INFO]: [MoonriseCommon] Paper is using 1 worker threads, 1 I/O threads
[06:45:42] [Server thread/INFO]: Default game type: SURVIVAL
[06:45:42] [Server thread/INFO]: Generating keypair
[06:45:42] [Server thread/INFO]: Starting Minecraft server on *:65535
[06:45:42] [Server thread/INFO]: Paper: Using libdeflate (Linux x86_64) compression from Velocity.
[06:45:42] [Server thread/INFO]: Paper: Using OpenSSL 3.x.x (Linux x86_64) cipher from Velocity.
[06:45:43] [Server thread/INFO]: [ViaVersion] Loading server plugin ViaVersion v5.11.0
[06:45:43] [Server thread/INFO]: [ViaVersion] ViaVersion 5.11.0 is now loaded. Registering protocol transformers and injecting...
[06:45:45] [Server thread/INFO]: [ViaBackwards] Loading translations...
[06:45:45] [Server thread/INFO]: [ViaBackwards] Registering protocols...
[06:45:45] [Server thread/INFO]: [nLogin] Loading server plugin nLogin v2.0.19
[06:45:45] [Server thread/INFO]: [ViaBackwards] Loading server plugin ViaBackwards v5.11.0
[06:45:45] [Server thread/INFO]: [nLogin] Enabling nLogin v2.0.19
[06:45:47] [Server thread/INFO]: [nLogin] Successful plugin core start (took 1.10s)
[06:45:47] [Server thread/INFO]: [nLogin]           __             _       
[06:45:47] [Server thread/INFO]: [nLogin]   _ __   / /  ___   __ _(_)_ __  
[06:45:47] [Server thread/INFO]: [nLogin]  | '_ \ / /  / _ \ / _` | | '_ \ 
[06:45:47] [Server thread/INFO]: [nLogin]  | | | / /__| (_) | (_| | | | | |
[06:45:47] [Server thread/INFO]: [nLogin]  |_| |_\____/\___/ \__, |_|_| |_|
[06:45:47] [Server thread/INFO]: [nLogin]                   |___/            
[06:45:47] [Server thread/INFO]: [nLogin]  By: www.nickuc.com - V 2.0.19
[06:45:47] [Server thread/INFO]: [nLogin]  
[06:45:47] [Server thread/INFO]: [nLogin] Loading packetevents-spigot 2.13.0...
[06:45:49] [Server thread/WARN]: **** SERVER IS RUNNING IN OFFLINE/INSECURE MODE!
[06:45:49] [Server thread/WARN]: The server will make no attempt to authenticate usernames. Beware.
[06:45:49] [Server thread/WARN]: Whilst this makes it possible to use Velocity, unless access to your server is properly restricted, it also opens up the ability for hackers to connect with any username they choose.
[06:45:49] [Server thread/WARN]: Please see https://docs.papermc.io/velocity/security for further information.
[06:45:49] [Server thread/WARN]: To change this, set "online-mode" to "true" in the server.properties file.
[06:45:49] [Server thread/INFO]: Preparing level "world"
[06:45:50] [Server thread/INFO]: Loading 0 persistent chunks for level 'minecraft:overworld'...
[06:45:50] [Server thread/INFO]: Preparing spawn area: 100%
[06:45:50] [Server thread/INFO]: Prepared spawn area in 3 ms
[06:45:50] [Server thread/INFO]: Loading 0 persistent chunks for level 'minecraft:the_nether'...
[06:45:50] [Server thread/INFO]: Prepared spawn area in 0 ms
[06:45:50] [Server thread/INFO]: Loading 0 persistent chunks for level 'minecraft:the_end'...
[06:45:50] [Server thread/INFO]: Prepared spawn area in 1 ms
[06:45:50] [Server thread/INFO]: Done preparing level "world" (0.709s)
[06:45:50] [Server thread/INFO]: [ViaVersion] Enabling ViaVersion v5.11.0
[06:45:50] [Server thread/INFO]: [ViaVersion] ViaVersion detected server version: 26.2 (776)
[06:45:50] [Server thread/INFO]: [ViaBackwards] Enabling ViaBackwards v5.11.0
[06:45:50] [Server thread/INFO]: [spark] Starting background profiler...
[06:45:51] [Server thread/INFO]: Saving chunks for level 'ServerLevel[world]'/minecraft:overworld
[06:45:51] [Server thread/INFO]: Saving chunks for level 'ServerLevel[world]'/minecraft:the_nether
[06:45:51] [Server thread/INFO]: Saving chunks for level 'ServerLevel[world]'/minecraft:the_end
[06:45:51] [Server thread/INFO]: ThreadedAnvilChunkStorage (world): All chunks are saved
[06:45:51] [Server thread/INFO]: ThreadedAnvilChunkStorage (DIM-1): All chunks are saved
[06:45:51] [Server thread/INFO]: ThreadedAnvilChunkStorage (DIM1): All chunks are saved
[06:45:51] [Server thread/INFO]: ThreadedAnvilChunkStorage: All dimensions are saved
[06:45:51] [Server thread/INFO]: Running delayed init tasks
[06:45:51] [Server thread/INFO]: Done (19.775s)! For help, type "help"
[06:45:51] [Craft Scheduler Thread - 2 - ViaVersion/INFO]: [ViaVersion] Finished mapping loading, shutting down loader executor.
[06:45:51] [Paper Async Task Handler Thread - 1/INFO]: *** Currently you are 12 builds behind ***
[06:45:51] [Paper Async Task Handler Thread - 1/INFO]: *** It is highly recommended to download the latest build from https://papermc.io/downloads/paper ***
[06:48:50] [User Authenticator #0/INFO]: UUID of player ironmanLJM is d00c14c9-9ee3-3788-b053-a1de57b43b72
[06:48:52] [Server thread/INFO]: ironmanLJM joined the game
[06:48:52] [Server thread/INFO]: ironmanLJM[/[0:0:0:0:0:0:0:1]:37132] logged in with entity id 1 at ([minecraft:overworld]8.5, -766.0903479520695, 8.5)
[06:48:57] [Server thread/INFO]: ironmanLJM lost connection: Disconnected
[06:48:58] [Server thread/INFO]: ironmanLJM left the game
[06:55:31] [Server thread/INFO]: Stopping the server
[06:55:31] [Server thread/INFO]: Stopping server
[06:55:32] [Server thread/INFO]: [ViaBackwards] Disabling ViaBackwards v5.11.0
[06:55:32] [Server thread/INFO]: [nLogin] Disabling nLogin v2.0.19
[06:55:32] [Server thread/INFO]: [nLogin] Successful plugin core shutdown (took 0.00s)
[06:55:32] [Server thread/INFO]: [ViaVersion] Disabling ViaVersion v5.11.0
[06:55:32] [Server thread/INFO]: [ViaVersion] ViaVersion has been disabled; uninjected the platform and shut down the scheduler.
[06:55:32] [Server thread/INFO]: Saving players
[06:55:32] [Server thread/INFO]: Saving worlds
[06:55:32] [Server thread/INFO]: Saving chunks for level 'ServerLevel[world]'/minecraft:overworld
[06:55:32] [Server thread/INFO]: [ChunkHolderManager] Waiting 60s for chunk system to halt for world 'minecraft:overworld'
[06:55:32] [Server thread/INFO]: [ChunkHolderManager] Halted chunk system for world 'minecraft:overworld'
[06:55:32] [Server thread/INFO]: [ChunkHolderManager] Saving all chunkholders for world 'minecraft:overworld'
[06:55:32] [Server thread/INFO]: [ChunkHolderManager] Saved 0 block chunks, 0 entity chunks, 0 poi chunks in world 'minecraft:overworld' in 0.00s
[06:55:32] [Server thread/INFO]: [ChunkHolderManager] Waiting 60s for chunk I/O to halt for world 'minecraft:overworld'
[06:55:32] [Server thread/INFO]: [ChunkHolderManager] Halted I/O scheduler for world 'minecraft:overworld'
[06:55:32] [Server thread/INFO]: Saving chunks for level 'ServerLevel[world]'/minecraft:the_nether
[06:55:32] [Server thread/INFO]: [ChunkHolderManager] Waiting 60s for chunk system to halt for world 'minecraft:the_nether'
[06:55:32] [Server thread/INFO]: [ChunkHolderManager] Halted chunk system for world 'minecraft:the_nether'
[06:55:32] [Server thread/INFO]: [ChunkHolderManager] Saving all chunkholders for world 'minecraft:the_nether'
[06:55:32] [Server thread/INFO]: [ChunkHolderManager] Saved 0 block chunks, 0 entity chunks, 0 poi chunks in world 'minecraft:the_nether' in 0.00s
[06:55:32] [Server thread/INFO]: [ChunkHolderManager] Waiting 60s for chunk I/O to halt for world 'minecraft:the_nether'
[06:55:32] [Server thread/INFO]: [ChunkHolderManager] Halted I/O scheduler for world 'minecraft:the_nether'
[06:55:32] [Server thread/INFO]: Saving chunks for level 'ServerLevel[world]'/minecraft:the_end
[06:55:32] [Server thread/INFO]: [ChunkHolderManager] Waiting 60s for chunk system to halt for world 'minecraft:the_end'
[06:55:32] [Server thread/INFO]: [ChunkHolderManager] Halted chunk system for world 'minecraft:the_end'
[06:55:32] [Server thread/INFO]: [ChunkHolderManager] Saving all chunkholders for world 'minecraft:the_end'
[06:55:32] [Server thread/INFO]: [ChunkHolderManager] Saved 0 block chunks, 0 entity chunks, 0 poi chunks in world 'minecraft:the_end' in 0.00s
[06:55:32] [Server thread/INFO]: [ChunkHolderManager] Waiting 60s for chunk I/O to halt for world 'minecraft:the_end'
[06:55:32] [Server thread/INFO]: [ChunkHolderManager] Halted I/O scheduler for world 'minecraft:the_end'
[06:55:32] [Server thread/INFO]: ThreadedAnvilChunkStorage (world): All chunks are saved
[06:55:32] [Server thread/INFO]: ThreadedAnvilChunkStorage (DIM-1): All chunks are saved
[06:55:32] [Server thread/INFO]: ThreadedAnvilChunkStorage (DIM1): All chunks are saved
[06:55:32] [Server thread/INFO]: ThreadedAnvilChunkStorage: All dimensions are saved
[06:55:32] [Server thread/INFO]: Waiting for all RegionFile I/O tasks to complete...
[06:55:32] [Server thread/INFO]: All RegionFile I/O tasks to complete
[06:55:32] [Server thread/INFO]: [MoonriseCommon] Awaiting termination of worker pool for up to 60s...
[06:55:32] [Server thread/INFO]: [MoonriseCommon] Awaiting termination of I/O pool for up to 60s...
