[00:34:43] [main/INFO] [com.velocitypowered.proxy.VelocityServer]: Booting up Velocity 4.1.0-SNAPSHOT (git-00759e52-b16)...
[00:34:43] [main/INFO] [com.velocitypowered.proxy.network.ConnectionManager]: Connections will use epoll channels, libdeflate (Linux x86_64) compression, OpenSSL 3.x.x (Linux x86_64) ciphers
[00:34:43] [main/WARN] [com.velocitypowered.proxy.config.VelocityConfiguration]: The proxy is running in offline mode! This is a security risk and you will NOT receive any support!
[00:34:43] [main/INFO] [com.velocitypowered.proxy.VelocityServer]: Loading localizations...
[00:34:43] [main/INFO] [com.velocitypowered.proxy.VelocityServer]: Loading plugins...
[00:34:44] [main/INFO] [eaglerxserver]: Loading EaglercraftXServer 1.1.1...
[00:34:44] [main/INFO] [eaglerxserver]: (Platform: Velocity)
[00:34:44] [main/INFO] [eaglerxserver]: Server Name: "EaglercraftXServer"
[00:34:44] [main/ERROR] [eaglerxserver]: Could not load server icon: server-icon.png
javax.imageio.IIOException: Can't read input file!
	at java.desktop/javax.imageio.ImageIO.read(ImageIO.java:1264)
	at net.lax1dude.eaglercraft.backend.server.base.ServerIconLoader.loadServerIcon(ServerIconLoader.java:112)
	at net.lax1dude.eaglercraft.backend.server.base.ServerIconLoader$1.loadServerIcon(ServerIconLoader.java:51)
	at net.lax1dude.eaglercraft.backend.server.base.EaglerListener.<init>(EaglerListener.java:90)
	at net.lax1dude.eaglercraft.backend.server.base.EaglerListener.<init>(EaglerListener.java:58)
	at net.lax1dude.eaglercraft.backend.server.base.EaglerXServer.loadProxying(EaglerXServer.java:355)
	at net.lax1dude.eaglercraft.backend.server.base.EaglerXServer.load(EaglerXServer.java:339)
	at net.lax1dude.eaglercraft.backend.server.velocity.PlatformPluginVelocity.<init>(PlatformPluginVelocity.java:256)
	at net.lax1dude.eaglercraft.backend.server.velocity.PlatformPluginVelocity$$FastClassByGuice$$6bbd.GUICE$TRAMPOLINE(<generated>)
	at net.lax1dude.eaglercraft.backend.server.velocity.PlatformPluginVelocity$$FastClassByGuice$$6bbd.apply(<generated>)
	at com.google.inject.internal.DefaultConstructionProxyFactory$FastClassProxy.newInstance(DefaultConstructionProxyFactory.java:82)
	at com.google.inject.internal.ConstructorInjector.provision(ConstructorInjector.java:114)
	at com.google.inject.internal.ConstructorInjector.construct(ConstructorInjector.java:91)
	at com.google.inject.internal.ConstructorBindingImpl$Factory.get(ConstructorBindingImpl.java:300)
	at com.google.inject.internal.ProviderToInternalFactoryAdapter.get(ProviderToInternalFactoryAdapter.java:40)
	at com.google.inject.internal.SingletonScope$1.get(SingletonScope.java:169)
	at com.google.inject.internal.InternalFactoryToProviderAdapter.get(InternalFactoryToProviderAdapter.java:45)
	at com.google.inject.internal.InjectorImpl$1.get(InjectorImpl.java:1148)
	at com.google.inject.internal.InjectorImpl.getInstance(InjectorImpl.java:1186)
	at com.velocitypowered.proxy.plugin.loader.java.JavaPluginLoader.createPlugin(JavaPluginLoader.java:135)
	at com.velocitypowered.proxy.plugin.VelocityPluginManager.loadPlugins(VelocityPluginManager.java:199)
	at com.velocitypowered.proxy.VelocityServer.loadPlugins(VelocityServer.java:439)
	at com.velocitypowered.proxy.VelocityServer.start(VelocityServer.java:310)
	at com.velocitypowered.proxy.Velocity.main(Velocity.java:71)
[00:34:44] [main/INFO] [com.velocitypowered.proxy.plugin.VelocityPluginManager]: Loaded plugin eaglerxserver 1.1.1 by lax1dude
[00:34:44] [main/INFO] [com.velocitypowered.proxy.plugin.VelocityPluginManager]: Loaded plugin luckperms 5.5.71 by Luck
[00:34:44] [main/INFO] [com.velocitypowered.proxy.plugin.VelocityPluginManager]: Loaded plugin nantibot 2.0.8 by NickUC
[00:34:44] [main/INFO] [com.velocitypowered.proxy.plugin.VelocityPluginManager]: Loaded plugin nlogin 2.0.19 by NickUC
[00:34:44] [main/INFO] [com.velocitypowered.proxy.plugin.VelocityPluginManager]: Loaded plugin viaversion 5.11.0 by _MylesC, creeper123123321, Gerrygames, kennytv, Matsv, EnZaXD, RK_01
[00:34:44] [main/INFO] [com.velocitypowered.proxy.plugin.VelocityPluginManager]: Loaded plugin viabackwards 5.11.0 by Matsv, kennytv, Gerrygames, creeper123123321, ForceUpdate1, EnZaXD
[00:34:44] [main/INFO] [com.velocitypowered.proxy.VelocityServer]: Loaded 7 plugins
[00:34:44] [LuckPerms - Task Executor #0/INFO] [luckperms]: Loading configuration...
[00:34:44] [LuckPerms - Task Executor #0/INFO] [com.velocitypowered.proxy.console.VelocityConsole]:         __    
[00:34:44] [LuckPerms - Task Executor #0/INFO] [com.velocitypowered.proxy.console.VelocityConsole]:   |    |__)   LuckPerms v5.5.71
[00:34:44] [LuckPerms - Task Executor #0/INFO] [com.velocitypowered.proxy.console.VelocityConsole]:   |___ |      Running on Velocity
[00:34:44] [LuckPerms - Task Executor #0/INFO] [com.velocitypowered.proxy.console.VelocityConsole]: 
[00:34:45] [LuckPerms - Task Executor #0/INFO] [luckperms]: Loading storage provider... [H2]
[00:34:45] [LuckPerms - Task Executor #0/INFO] [luckperms]: Loading internal permission managers...
[00:34:45] [LuckPerms - Task Executor #0/INFO] [luckperms]: Performing initial data load...
[00:34:45] [LuckPerms - Task Executor #0/INFO] [luckperms]: Successfully enabled. (took 1020ms)
[00:34:45] [LuckPerms - Task Executor #0/WARN] [com.velocitypowered.proxy.network.ConnectionManager]: The server channel initializer has been replaced by java.base/jdk.internal.reflect.DirectMethodHandleAccessor.invoke(DirectMethodHandleAccessor.java:104)
[00:34:45] [LuckPerms - Task Executor #0/INFO] [eaglerxserver]: Enabling EaglercraftXServer 1.1.1...
[00:34:45] [LuckPerms - Task Executor #0/INFO] [eaglerxserver]: Connecting to skin cache database "jdbc:sqlite:eagler_skins_cache.db"...
[00:34:45] [LuckPerms - Task Executor #0/INFO] [eaglerxserver]: Connected to skin cache database successfully!
[00:34:45] [EaglercraftXServer - Task Executor #0/INFO] [eaglerxserver]: Reloaded certificate: /workspaces/craftmine/velocity/plugins/eaglerxserver/eagcert/$dl.34268c6e7b2a2336a2821b0171d290d6dd455cba.cert
[00:34:45] [EaglercraftXServer - Task Executor #0/WARN] [eaglerxserver]: Update certificate was loaded: $dl.34268c6e7b2a2336a2821b0171d290d6dd455cba.cert
[00:34:46] [Netty epoll Worker #0/INFO] [eaglerxserver]: You are running the latest version of EaglerXServer
[00:34:47] [LuckPerms - Task Executor #0/INFO] [nantibot]: Successful plugin core start (took 1.35s)
[00:34:47] [LuckPerms - Task Executor #0/INFO] [com.velocitypowered.proxy.console.VelocityConsole]: [nAntiBot]           _         _   _   ___       _   
[00:34:47] [LuckPerms - Task Executor #0/INFO] [com.velocitypowered.proxy.console.VelocityConsole]: [nAntiBot]   _ __   /_\  _ __ | |_(_) / __\ ___ | |_ 
[00:34:47] [LuckPerms - Task Executor #0/INFO] [com.velocitypowered.proxy.console.VelocityConsole]: [nAntiBot]  | '_ \ //_\\| '_ \| __| |/__\/// _ \| __|
[00:34:47] [LuckPerms - Task Executor #0/INFO] [com.velocitypowered.proxy.console.VelocityConsole]: [nAntiBot]  | | | /  _  \ | | | |_| / \/  \ (_) | |_ 
[00:34:47] [LuckPerms - Task Executor #0/INFO] [com.velocitypowered.proxy.console.VelocityConsole]: [nAntiBot]  |_| |_\_/ \_/_| |_|\__|_\_____/\___/ \__|
[00:34:47] [LuckPerms - Task Executor #0/INFO] [com.velocitypowered.proxy.console.VelocityConsole]: [nAntiBot]                                          
[00:34:47] [LuckPerms - Task Executor #0/INFO] [com.velocitypowered.proxy.console.VelocityConsole]: [nAntiBot]  By: www.nickuc.com - V 2.0.8
[00:34:47] [LuckPerms - Task Executor #0/INFO] [com.velocitypowered.proxy.console.VelocityConsole]: [nAntiBot] 
[00:34:49] [LuckPerms - Task Executor #0/INFO] [nlogin]: Successful plugin core start (took 0.84s)
[00:34:49] [LuckPerms - Task Executor #0/INFO] [com.velocitypowered.proxy.console.VelocityConsole]: [nLogin]           __             _       
[00:34:49] [LuckPerms - Task Executor #0/INFO] [com.velocitypowered.proxy.console.VelocityConsole]: [nLogin]   _ __   / /  ___   __ _(_)_ __  
[00:34:49] [LuckPerms - Task Executor #0/INFO] [com.velocitypowered.proxy.console.VelocityConsole]: [nLogin]  | '_ \ / /  / _ \ / _` | | '_ \ 
[00:34:49] [LuckPerms - Task Executor #0/INFO] [com.velocitypowered.proxy.console.VelocityConsole]: [nLogin]  | | | / /__| (_) | (_| | | | | |
[00:34:49] [LuckPerms - Task Executor #0/INFO] [com.velocitypowered.proxy.console.VelocityConsole]: [nLogin]  |_| |_\____/\___/ \__, |_|_| |_|
[00:34:49] [LuckPerms - Task Executor #0/INFO] [com.velocitypowered.proxy.console.VelocityConsole]: [nLogin]                   |___/            
[00:34:49] [LuckPerms - Task Executor #0/INFO] [com.velocitypowered.proxy.console.VelocityConsole]: [nLogin]  By: www.nickuc.com - V 2.0.19
[00:34:49] [LuckPerms - Task Executor #0/INFO] [com.velocitypowered.proxy.console.VelocityConsole]: [nLogin]  
[00:34:50] [LuckPerms - Task Executor #0/INFO] [nlogin]: Loading packetevents-velocity 2.13.0...
[00:34:52] [pool-7-thread-1/INFO] [nantibot]: [Captcha] Captchas generated successfully. (RAM usage ≃ 8 MB [static only], total = 500, protocol count = 51, threads = 4, took 4.52s)
[00:34:53] [LuckPerms - Task Executor #0/WARN] [com.velocitypowered.proxy.network.ConnectionManager]: The server channel initializer has been replaced by java.base/jdk.internal.reflect.DirectMethodHandleAccessor.invoke(DirectMethodHandleAccessor.java:104)
[00:34:53] [LuckPerms - Task Executor #0/INFO] [viaversion]: Replacing channel initializers; you can safely ignore the following two warnings.
[00:34:53] [LuckPerms - Task Executor #0/WARN] [com.velocitypowered.proxy.network.ConnectionManager]: The server channel initializer has been replaced by java.base/jdk.internal.reflect.DirectMethodHandleAccessor.invoke(DirectMethodHandleAccessor.java:104)
[00:34:53] [LuckPerms - Task Executor #0/WARN] [com.velocitypowered.proxy.network.ConnectionManager]: The backend channel initializer has been replaced by java.base/jdk.internal.reflect.DirectMethodHandleAccessor.invoke(DirectMethodHandleAccessor.java:104)
[00:34:53] [LuckPerms - Task Executor #0/INFO] [viabackwards]: Loading translations...
[00:34:53] [LuckPerms - Task Executor #0/INFO] [viabackwards]: Registering protocols...
[00:34:53] [LuckPerms - Task Executor #0/INFO] [viaversion]: ViaVersion detected lowest supported version by the proxy: 1.13 (393)
[00:34:53] [LuckPerms - Task Executor #0/INFO] [viaversion]: Highest supported version by the proxy: 26.2 (776)
[00:34:53] [ViaVersion - Task Executor #2/INFO] [viaversion]: Finished mapping loading, shutting down loader executor.
[00:34:53] [main/INFO] [nantibot]: Injecting channel initializers
[00:34:53] [main/WARN] [com.velocitypowered.proxy.network.ConnectionManager]: The server channel initializer has been replaced by java.base/jdk.internal.reflect.DirectMethodHandleAccessor.invoke(DirectMethodHandleAccessor.java:104)
[00:34:53] [Netty epoll Boss #0/INFO] [eaglerxserver]: Listener "listener0" injected into channel [id: 0xc5b22d7b, L:/[0:0:0:0:0:0:0:0]:25565] successfully (Velocity method)
[00:34:53] [Netty epoll Boss #0/INFO] [com.velocitypowered.proxy.network.ConnectionManager]: Listening on /[0:0:0:0:0:0:0:0]:25565
[00:34:54] [nAntiBot - Task Executor #0/INFO] [nantibot]: Connecting to the remote server antibot.nickuc.com...
[00:34:54] [main/INFO] [com.velocitypowered.proxy.Velocity]: Done (11.18s)!
[00:35:07] [Netty epoll Worker #3/INFO] [com.velocitypowered.proxy.connection.client.AuthSessionHandler]: [connected player] ironmanLJM (/[0:0:0:0:0:0:0:1]:42916) has connected
[00:35:08] [Netty epoll Worker #3/INFO] [com.velocitypowered.proxy.connection.MinecraftConnection]: [server connection] ironmanLJM -> auth has connected
[00:35:13] [nLogin - Task Executor #2/INFO] [nlogin]: The user ironmanLJM has successfully logged in.
[00:35:14] [Netty epoll Worker #3/INFO] [com.velocitypowered.proxy.connection.MinecraftConnection]: [server connection] ironmanLJM -> survival has connected
[00:35:21] [Netty epoll Worker #3/INFO] [com.velocitypowered.proxy.connection.MinecraftConnection]: [server connection] ironmanLJM -> auth has disconnected
[00:35:29] [Netty epoll Worker #5/INFO] [com.velocitypowered.proxy.connection.client.AuthSessionHandler]: [connected player] dark67 (/[0:0:0:0:0:0:0:1]:46894) has connected
[00:35:29] [Netty epoll Worker #5/INFO] [com.velocitypowered.proxy.connection.MinecraftConnection]: [server connection] dark67 -> auth has connected
[00:35:42] [nLogin - Task Executor #0/INFO] [nlogin]: The user dark67 has successfully logged in.
[00:35:42] [Netty epoll Worker #5/INFO] [com.velocitypowered.proxy.connection.MinecraftConnection]: [server connection] dark67 -> survival has connected
[00:35:43] [Netty epoll Worker #5/INFO] [com.velocitypowered.proxy.connection.MinecraftConnection]: [server connection] dark67 -> auth has disconnected
[00:36:35] [Netty epoll Worker #0/INFO] [com.velocitypowered.proxy.connection.client.AuthSessionHandler]: [connected player] Vyqzren (/[0:0:0:0:0:0:0:1]:54314) has connected
[00:36:35] [Netty epoll Worker #0/INFO] [com.velocitypowered.proxy.connection.MinecraftConnection]: [server connection] Vyqzren -> auth has connected
[00:36:35] [Netty epoll Worker #0/INFO] [com.velocitypowered.proxy.connection.MinecraftConnection]: [connected player] Vyqzren (/[0:0:0:0:0:0:0:1]:54314) has disconnected
[00:36:35] [Netty epoll Worker #0/INFO] [com.velocitypowered.proxy.connection.MinecraftConnection]: [server connection] Vyqzren -> auth has disconnected
[00:36:42] [Netty epoll Worker #1/INFO] [com.velocitypowered.proxy.connection.client.AuthSessionHandler]: [connected player] Vyqzren (/[0:0:0:0:0:0:0:1]:38250) has connected
[00:36:42] [Netty epoll Worker #1/INFO] [com.velocitypowered.proxy.connection.MinecraftConnection]: [server connection] Vyqzren -> auth has connected
[00:36:42] [Netty epoll Worker #1/INFO] [com.velocitypowered.proxy.connection.MinecraftConnection]: [connected player] Vyqzren (/[0:0:0:0:0:0:0:1]:38250) has disconnected
[00:36:42] [Netty epoll Worker #1/INFO] [com.velocitypowered.proxy.connection.MinecraftConnection]: [server connection] Vyqzren -> auth has disconnected
[00:38:20] [Netty epoll Worker #5/INFO] [com.velocitypowered.proxy.connection.MinecraftConnection]: [connected player] dark67 (/[0:0:0:0:0:0:0:1]:46894) has disconnected
[00:38:20] [Netty epoll Worker #5/INFO] [com.velocitypowered.proxy.connection.MinecraftConnection]: [server connection] dark67 -> survival has disconnected
[00:38:36] [Netty epoll Worker #3/INFO] [com.velocitypowered.proxy.connection.client.ConnectedPlayer]: [connected player] ironmanLJM (/[0:0:0:0:0:0:0:1]:42916): kicked from server survival: Server closed
[00:38:36] [Netty epoll Worker #3/INFO] [com.velocitypowered.proxy.connection.MinecraftConnection]: [server connection] ironmanLJM -> survival has disconnected
[00:38:36] [Netty epoll Worker #3/INFO] [com.velocitypowered.proxy.connection.MinecraftConnection]: [server connection] ironmanLJM -> auth has connected
[00:38:37] [Netty epoll Worker #2/INFO] [com.velocitypowered.proxy.connection.client.AuthSessionHandler]: [connected player] Vyqzren (/[0:0:0:0:0:0:0:1]:57566) has connected
[00:38:37] [Netty epoll Worker #2/INFO] [com.velocitypowered.proxy.connection.MinecraftConnection]: [server connection] Vyqzren -> auth has connected
[00:38:37] [Netty epoll Worker #2/INFO] [com.velocitypowered.proxy.connection.MinecraftConnection]: [connected player] Vyqzren (/[0:0:0:0:0:0:0:1]:57566) has disconnected
[00:38:37] [Netty epoll Worker #2/INFO] [com.velocitypowered.proxy.connection.MinecraftConnection]: [server connection] Vyqzren -> auth has disconnected
[00:38:41] [Netty epoll Worker #5/INFO] [com.velocitypowered.proxy.connection.client.AuthSessionHandler]: [connected player] Vyqzren (/[0:0:0:0:0:0:0:1]:57936) has connected
[00:38:41] [Netty epoll Worker #5/INFO] [com.velocitypowered.proxy.connection.MinecraftConnection]: [server connection] Vyqzren -> auth has connected
[00:38:47] [nLogin - Task Executor #3/INFO] [nlogin]: The user Vyqzren has successfully logged in.
[00:38:47] [Netty epoll Worker #5/ERROR] [com.velocitypowered.proxy.connection.client.ConnectedPlayer]: [connected player] Vyqzren (/[0:0:0:0:0:0:0:1]:57936): unable to connect to server survival
io.netty.channel.AbstractChannel$AnnotatedConnectException: finishConnect(..) failed with error(-111): Connection refused: /127.0.0.1:25567
Caused by: java.net.ConnectException: finishConnect(..) failed with error(-111): Connection refused
	at io.netty.channel.unix.Errors.newConnectException0(Errors.java:166)
	at io.netty.channel.unix.Errors.handleConnectErrno(Errors.java:131)
	at io.netty.channel.unix.Socket.finishConnect(Socket.java:361)
	at io.netty.channel.epoll.AbstractEpollChannel$AbstractEpollUnsafe.doFinishConnect(AbstractEpollChannel.java:772)
	at io.netty.channel.epoll.AbstractEpollChannel$AbstractEpollUnsafe.finishConnect(AbstractEpollChannel.java:749)
	at io.netty.channel.epoll.AbstractEpollChannel$AbstractEpollUnsafe.epollOutReady(AbstractEpollChannel.java:616)
	at io.netty.channel.epoll.AbstractEpollChannel$AbstractEpollUnsafe.handle(AbstractEpollChannel.java:477)
	at io.netty.channel.epoll.EpollIoHandler$DefaultEpollIoRegistration.handle(EpollIoHandler.java:349)
	at io.netty.channel.epoll.EpollIoHandler.processReady(EpollIoHandler.java:548)
	at io.netty.channel.epoll.EpollIoHandler.run(EpollIoHandler.java:491)
	at io.netty.channel.SingleThreadIoEventLoop.runIo(SingleThreadIoEventLoop.java:225)
	at io.netty.channel.SingleThreadIoEventLoop.run(SingleThreadIoEventLoop.java:196)
	at io.netty.util.concurrent.SingleThreadEventExecutor$5.run(SingleThreadEventExecutor.java:1204)
	at io.netty.util.internal.ThreadExecutorMap$2.run(ThreadExecutorMap.java:74)
	at io.netty.util.concurrent.FastThreadLocalRunnable.run(FastThreadLocalRunnable.java:30)
	at java.base/java.lang.Thread.run(Thread.java:1474)
[00:38:49] [Netty epoll Worker #5/INFO] [com.velocitypowered.proxy.connection.MinecraftConnection]: [connected player] Vyqzren (/[0:0:0:0:0:0:0:1]:57936) has disconnected
[00:38:49] [Netty epoll Worker #5/INFO] [com.velocitypowered.proxy.connection.MinecraftConnection]: [server connection] Vyqzren -> auth has disconnected
[00:38:52] [Netty epoll Worker #0/INFO] [com.velocitypowered.proxy.connection.client.AuthSessionHandler]: [connected player] Vyqzren (/[0:0:0:0:0:0:0:1]:53360) has connected
[00:38:52] [Netty epoll Worker #0/INFO] [com.velocitypowered.proxy.connection.MinecraftConnection]: [server connection] Vyqzren -> auth has connected
[00:38:57] [nLogin - Task Executor #0/INFO] [nlogin]: The user Vyqzren has successfully logged in.
[00:38:58] [Netty epoll Worker #0/INFO] [com.velocitypowered.proxy.connection.MinecraftConnection]: [server connection] Vyqzren -> survival has connected
[00:39:03] [Netty epoll Worker #0/INFO] [com.velocitypowered.proxy.connection.MinecraftConnection]: [connected player] Vyqzren (/[0:0:0:0:0:0:0:1]:53360) has disconnected
[00:39:03] [Netty epoll Worker #0/INFO] [com.velocitypowered.proxy.connection.MinecraftConnection]: [server connection] Vyqzren -> survival has disconnected
[00:39:03] [Netty epoll Worker #0/INFO] [com.velocitypowered.proxy.connection.MinecraftConnection]: [server connection] Vyqzren -> auth has disconnected
[00:39:04] [Netty epoll Worker #0/INFO] [com.velocitypowered.proxy.connection.client.AuthSessionHandler]: [connected player] dark67 (/[0:0:0:0:0:0:0:1]:35660) has connected
[00:39:04] [Netty epoll Worker #0/INFO] [com.velocitypowered.proxy.connection.MinecraftConnection]: [server connection] dark67 -> auth has connected
[00:39:09] [nLogin - Task Executor #0/INFO] [nlogin]: The user dark67 has successfully logged in.
[00:39:10] [Netty epoll Worker #0/INFO] [com.velocitypowered.proxy.connection.MinecraftConnection]: [server connection] dark67 -> survival has connected
[00:39:10] [Netty epoll Worker #0/INFO] [com.velocitypowered.proxy.connection.MinecraftConnection]: [server connection] dark67 -> auth has disconnected
